------------------------------------------------------------
TimeQuest Timing Analyzer Summary
------------------------------------------------------------

Type  : Slow 1200mV 85C Model Setup 'controller:MainController|functionSelect[0]'
Slack : -39.912
TNS   : -549.743

Type  : Slow 1200mV 85C Model Setup 'clk'
Slack : -4.047
TNS   : -333.468

Type  : Slow 1200mV 85C Model Setup 'controller:MainController|re'
Slack : -0.107
TNS   : -0.107

Type  : Slow 1200mV 85C Model Setup 'controller:MainController|ram_we'
Slack : 0.411
TNS   : 0.000

Type  : Slow 1200mV 85C Model Hold 'controller:MainController|functionSelect[0]'
Slack : -1.290
TNS   : -34.955

Type  : Slow 1200mV 85C Model Hold 'clk'
Slack : -0.139
TNS   : -0.350

Type  : Slow 1200mV 85C Model Hold 'controller:MainController|ram_we'
Slack : -0.120
TNS   : -0.120

Type  : Slow 1200mV 85C Model Hold 'controller:MainController|re'
Slack : 0.178
TNS   : 0.000

Type  : Slow 1200mV 85C Model Minimum Pulse Width 'clk'
Slack : -3.000
TNS   : -127.000

Type  : Slow 1200mV 85C Model Minimum Pulse Width 'controller:MainController|ram_we'
Slack : -2.174
TNS   : -4.348

Type  : Slow 1200mV 85C Model Minimum Pulse Width 'controller:MainController|ram_re'
Slack : -2.174
TNS   : -2.174

Type  : Slow 1200mV 85C Model Minimum Pulse Width 'controller:MainController|re'
Slack : -2.174
TNS   : -2.174

Type  : Slow 1200mV 85C Model Minimum Pulse Width 'controller:MainController|functionSelect[0]'
Slack : 0.370
TNS   : 0.000

Type  : Slow 1200mV 0C Model Setup 'controller:MainController|functionSelect[0]'
Slack : -35.677
TNS   : -491.482

Type  : Slow 1200mV 0C Model Setup 'clk'
Slack : -3.530
TNS   : -288.222

Type  : Slow 1200mV 0C Model Setup 'controller:MainController|re'
Slack : 0.002
TNS   : 0.000

Type  : Slow 1200mV 0C Model Setup 'controller:MainController|ram_we'
Slack : 0.451
TNS   : 0.000

Type  : Slow 1200mV 0C Model Hold 'controller:MainController|functionSelect[0]'
Slack : -1.120
TNS   : -29.330

Type  : Slow 1200mV 0C Model Hold 'clk'
Slack : -0.086
TNS   : -0.198

Type  : Slow 1200mV 0C Model Hold 'controller:MainController|ram_we'
Slack : -0.071
TNS   : -0.071

Type  : Slow 1200mV 0C Model Hold 'controller:MainController|re'
Slack : 0.186
TNS   : 0.000

Type  : Slow 1200mV 0C Model Minimum Pulse Width 'clk'
Slack : -3.000
TNS   : -127.000

Type  : Slow 1200mV 0C Model Minimum Pulse Width 'controller:MainController|ram_we'
Slack : -2.174
TNS   : -4.348

Type  : Slow 1200mV 0C Model Minimum Pulse Width 'controller:MainController|ram_re'
Slack : -2.174
TNS   : -2.174

Type  : Slow 1200mV 0C Model Minimum Pulse Width 'controller:MainController|re'
Slack : -2.174
TNS   : -2.174

Type  : Slow 1200mV 0C Model Minimum Pulse Width 'controller:MainController|functionSelect[0]'
Slack : 0.439
TNS   : 0.000

Type  : Fast 1200mV 0C Model Setup 'controller:MainController|functionSelect[0]'
Slack : -21.995
TNS   : -301.630

Type  : Fast 1200mV 0C Model Setup 'clk'
Slack : -1.996
TNS   : -136.486

Type  : Fast 1200mV 0C Model Setup 'controller:MainController|re'
Slack : 0.374
TNS   : 0.000

Type  : Fast 1200mV 0C Model Setup 'controller:MainController|ram_we'
Slack : 0.612
TNS   : 0.000

Type  : Fast 1200mV 0C Model Hold 'controller:MainController|functionSelect[0]'
Slack : -0.991
TNS   : -26.803

Type  : Fast 1200mV 0C Model Hold 'clk'
Slack : -0.192
TNS   : -0.538

Type  : Fast 1200mV 0C Model Hold 'controller:MainController|ram_we'
Slack : -0.138
TNS   : -0.138

Type  : Fast 1200mV 0C Model Hold 'controller:MainController|re'
Slack : 0.042
TNS   : 0.000

Type  : Fast 1200mV 0C Model Minimum Pulse Width 'clk'
Slack : -3.000
TNS   : -131.383

Type  : Fast 1200mV 0C Model Minimum Pulse Width 'controller:MainController|ram_we'
Slack : -1.000
TNS   : -2.000

Type  : Fast 1200mV 0C Model Minimum Pulse Width 'controller:MainController|ram_re'
Slack : -1.000
TNS   : -1.000

Type  : Fast 1200mV 0C Model Minimum Pulse Width 'controller:MainController|re'
Slack : -1.000
TNS   : -1.000

Type  : Fast 1200mV 0C Model Minimum Pulse Width 'controller:MainController|functionSelect[0]'
Slack : 0.298
TNS   : 0.000

------------------------------------------------------------
